// Jest Snapshot v1, https://goo.gl/fbAQLP

exports[`Test Component <PrimeraApp/> Should show the <PrimeraApp/> correctly 1`] = `
<Fragment>
  <h1>
    Brenda Marlen
  </h1>
  <p>
    Learning React!
  </p>
</Fragment>
`;
